src/components/dashboard/health-widgets.tsx(13,5): error TS6133: 'TrendingUp' is declared but its value is never read.
src/components/dashboard/health-widgets.tsx(98,68): error TS6133: 'i' is declared but its value is never read.
src/components/dashboard/zones/zone-01-vital-pulse.tsx(8,15): error TS6133: 'Vital' is declared but its value is never read.
src/components/dashboard/zones/zone-02-clinical-control.tsx(32,11): error TS6133: 'activeBodyParts' is declared but its value is never read.
src/components/dashboard/zones/zone-04-financial-nexus.tsx(4,1): error TS6133: 'Button' is declared but its value is never read.
src/components/dashboard/zones/zone-04-financial-nexus.tsx(5,36): error TS6133: 'AlertCircle' is declared but its value is never read.
src/components/dashboard/zones/zone-04-financial-nexus.tsx(6,1): error TS6133: 'Progress' is declared but its value is never read.
src/components/medication/interaction-graph.tsx(7,1): error TS6133: 'AIInteractionSummary' is declared but its value is never read.
src/components/medication/interaction-graph.tsx(60,12): error TS6133: 'hoverNode' is declared but its value is never read.
src/pages/features/body-map.tsx(3,26): error TS6133: 'X' is declared but its value is never read.
src/pages/features/body-map.tsx(3,29): error TS6133: 'ChevronRight' is declared but its value is never read.
src/pages/features/expense-ledger.tsx(2,8): error TS6133: 'React' is declared but its value is never read.
